// Jest Snapshot v1, https://goo.gl/fbAQLP

exports[`Separator test should render a line 1`] = `
<div>
  <div>
    <svg>
      <line
        stroke="black"
        stroke-width="4"
        x1="0"
        x2="11"
        y1="15.5"
        y2="15.5"
      />
    </svg>
  </div>
</div>
`;
