// Jest Snapshot v1, https://goo.gl/fbAQLP

exports[`CellLabel test should render correctly 1`] = `
<div>
  <div>
    <svg>
      <text
        class="crossword__cell-number"
        x="34"
        y="42"
      >
        8
      </text>
    </svg>
  </div>
</div>
`;
